// Jest Snapshot v1, https://goo.gl/fbAQLP

exports[`VideosListContainer renders with default props 1`] = `
<VideosList
  dancersList={Array []}
  deleteVideoAction={[Function]}
  error={null}
  fetchDancersAction={[Function]}
  fetchVideosAction={[Function]}
  isPending={false}
  store={
    Object {
      "clearActions": [Function],
      "dispatch": [Function],
      "getActions": [Function],
      "getState": [Function],
      "replaceReducer": [Function],
      "subscribe": [Function],
    }
  }
  storeSubscription={
    Subscription {
      "listeners": Object {
        "clear": [Function],
        "get": [Function],
        "notify": [Function],
        "subscribe": [Function],
      },
      "onStateChange": [Function],
      "parentSub": undefined,
      "store": Object {
        "clearActions": [Function],
        "dispatch": [Function],
        "getActions": [Function],
        "getState": [Function],
        "replaceReducer": [Function],
        "subscribe": [Function],
      },
      "unsubscribe": [Function],
    }
  }
  userConnected={false}
  videosList={Array []}
/>
`;
